// Jest Snapshot v1, https://goo.gl/fbAQLP

exports[`AddMovieModal component should render component 1`] = `[Function]`;
